Archive member included to satisfy reference by file (symbol)

C:/nxp/MCUXpressoIDE_25.6.136/ide/plugins/com.nxp.mcuxpresso.tools.win32_25.6.0.202501151204/tools/bin/../lib/gcc/arm-none-eabi/14.2.1/../../../../arm-none-eabi/lib/thumb/v6-m/nofp\libcr_c.a(__weak__main.o)
                              ./src/cr_startup_lpc11uxx.o (__main)
C:/nxp/MCUXpressoIDE_25.6.136/ide/plugins/com.nxp.mcuxpresso.tools.win32_25.6.0.202501151204/tools/bin/../lib/gcc/arm-none-eabi/14.2.1/../../../../arm-none-eabi/lib/thumb/v6-m/nofp\libcr_c.a(alloc.o)
                              ./src/variables.o (malloc)
C:/nxp/MCUXpressoIDE_25.6.136/ide/plugins/com.nxp.mcuxpresso.tools.win32_25.6.0.202501151204/tools/bin/../lib/gcc/arm-none-eabi/14.2.1/../../../../arm-none-eabi/lib/thumb/v6-m/nofp\libcr_c.a(memcpy.o)
                              C:/nxp/MCUXpressoIDE_25.6.136/ide/plugins/com.nxp.mcuxpresso.tools.win32_25.6.0.202501151204/tools/bin/../lib/gcc/arm-none-eabi/14.2.1/../../../../arm-none-eabi/lib/thumb/v6-m/nofp\libcr_c.a(alloc.o) (memcpy)
C:/nxp/MCUXpressoIDE_25.6.136/ide/plugins/com.nxp.mcuxpresso.tools.win32_25.6.0.202501151204/tools/bin/../lib/gcc/arm-none-eabi/14.2.1/../../../../arm-none-eabi/lib/thumb/v6-m/nofp\libcr_c.a(memset.o)
                              C:/nxp/MCUXpressoIDE_25.6.136/ide/plugins/com.nxp.mcuxpresso.tools.win32_25.6.0.202501151204/tools/bin/../lib/gcc/arm-none-eabi/14.2.1/../../../../arm-none-eabi/lib/thumb/v6-m/nofp\libcr_c.a(alloc.o) (memset)
C:/nxp/MCUXpressoIDE_25.6.136/ide/plugins/com.nxp.mcuxpresso.tools.win32_25.6.0.202501151204/tools/bin/../lib/gcc/arm-none-eabi/14.2.1/../../../../arm-none-eabi/lib/thumb/v6-m/nofp\libcr_c.a(__init_alloc.o)
                              C:/nxp/MCUXpressoIDE_25.6.136/ide/plugins/com.nxp.mcuxpresso.tools.win32_25.6.0.202501151204/tools/bin/../lib/gcc/arm-none-eabi/14.2.1/../../../../arm-none-eabi/lib/thumb/v6-m/nofp\libcr_c.a(alloc.o) (__heaps)
C:/nxp/MCUXpressoIDE_25.6.136/ide/plugins/com.nxp.mcuxpresso.tools.win32_25.6.0.202501151204/tools/bin/../lib/gcc/arm-none-eabi/14.2.1/../../../../arm-none-eabi/lib/thumb/v6-m/nofp\libcr_c.a(_cr_sbrk.o)
                              C:/nxp/MCUXpressoIDE_25.6.136/ide/plugins/com.nxp.mcuxpresso.tools.win32_25.6.0.202501151204/tools/bin/../lib/gcc/arm-none-eabi/14.2.1/../../../../arm-none-eabi/lib/thumb/v6-m/nofp\libcr_c.a(alloc.o) (_sbrk)
C:/nxp/MCUXpressoIDE_25.6.136/ide/plugins/com.nxp.mcuxpresso.tools.win32_25.6.0.202501151204/tools/bin/../lib/gcc/arm-none-eabi/14.2.1/../../../../arm-none-eabi/lib/thumb/v6-m/nofp\libcr_c.a(errno.o)
                              C:/nxp/MCUXpressoIDE_25.6.136/ide/plugins/com.nxp.mcuxpresso.tools.win32_25.6.0.202501151204/tools/bin/../lib/gcc/arm-none-eabi/14.2.1/../../../../arm-none-eabi/lib/thumb/v6-m/nofp\libcr_c.a(_cr_sbrk.o) (errno)
C:/nxp/MCUXpressoIDE_25.6.136/ide/plugins/com.nxp.mcuxpresso.tools.win32_25.6.0.202501151204/tools/bin/../lib/gcc/arm-none-eabi/14.2.1/../../../../arm-none-eabi/lib/thumb/v6-m/nofp\libcr_c.a(_cr_check_heap.o)
                              C:/nxp/MCUXpressoIDE_25.6.136/ide/plugins/com.nxp.mcuxpresso.tools.win32_25.6.0.202501151204/tools/bin/../lib/gcc/arm-none-eabi/14.2.1/../../../../arm-none-eabi/lib/thumb/v6-m/nofp\libcr_c.a(_cr_sbrk.o) (__check_heap_overflow)
C:/nxp/MCUXpressoIDE_25.6.136/ide/plugins/com.nxp.mcuxpresso.tools.win32_25.6.0.202501151204/tools/bin/../lib/gcc/arm-none-eabi/14.2.1/thumb/v6-m/nofp\libcr_eabihelpers.a(division_32.o)
                              ./src/libraries/system_LPC11Uxx.o (__aeabi_uidiv)
C:/nxp/MCUXpressoIDE_25.6.136/ide/plugins/com.nxp.mcuxpresso.tools.win32_25.6.0.202501151204/tools/bin/../lib/gcc/arm-none-eabi/14.2.1/thumb/v6-m/nofp\libcr_eabihelpers.a(division_idiv0.o)
                              C:/nxp/MCUXpressoIDE_25.6.136/ide/plugins/com.nxp.mcuxpresso.tools.win32_25.6.0.202501151204/tools/bin/../lib/gcc/arm-none-eabi/14.2.1/thumb/v6-m/nofp\libcr_eabihelpers.a(division_32.o) (__aeabi_idiv0)
C:/nxp/MCUXpressoIDE_25.6.136/ide/plugins/com.nxp.mcuxpresso.tools.win32_25.6.0.202501151204/tools/bin/../lib/gcc/arm-none-eabi/14.2.1/thumb/v6-m/nofp\libcr_eabihelpers.a(memcpy.o)
                              C:/nxp/MCUXpressoIDE_25.6.136/ide/plugins/com.nxp.mcuxpresso.tools.win32_25.6.0.202501151204/tools/bin/../lib/gcc/arm-none-eabi/14.2.1/../../../../arm-none-eabi/lib/thumb/v6-m/nofp\libcr_c.a(memcpy.o) (__aeabi_memcpy)

Discarded input sections

 .text          0x00000000        0x0 ./src/libraries/aeabi_romdiv_patch.o
 .data          0x00000000        0x0 ./src/libraries/aeabi_romdiv_patch.o
 .bss           0x00000000        0x0 ./src/libraries/aeabi_romdiv_patch.o
 .ARM.attributes
                0x00000000       0x1c ./src/libraries/aeabi_romdiv_patch.o
 .group         0x00000000        0xc ./src/libraries/endoder.o
 .group         0x00000000        0xc ./src/libraries/endoder.o
 .group         0x00000000        0xc ./src/libraries/endoder.o
 .group         0x00000000        0xc ./src/libraries/endoder.o
[...]
Memory Configuration

Name             Origin             Length             Attributes
MFlash32         0x00000000         0x00008000         xr
RamLoc4          0x10000000         0x00001000         xrw
RamUsb2          0x20004000         0x00000800         xrw
*default*        0x00000000         0xffffffff

Linker script and memory map

LOAD ./src/libraries/aeabi_romdiv_patch.o
LOAD ./src/libraries/endoder.o
LOAD ./src/libraries/io.o
LOAD ./src/libraries/keys.o
LOAD ./src/libraries/lcd.o
LOAD ./src/libraries/serial.o
LOAD ./src/libraries/system_LPC11Uxx.o
LOAD ./src/libraries/timer.o
LOAD ./src/aeabi_romdiv_patch.o
LOAD ./src/cr_startup_lpc11uxx.o
LOAD ./src/crp.o
LOAD ./src/event.o
LOAD ./src/main.o
LOAD ./src/output.o
LOAD ./src/stateMachine.o
LOAD ./src/variables.o
START GROUP
LOAD C:/nxp/MCUXpressoIDE_25.6.136/ide/plugins/com.nxp.mcuxpresso.tools.win32_25.6.0.202501151204/tools/bin/../lib/gcc/arm-none-eabi/14.2.1/../../../../arm-none-eabi/lib/thumb/v6-m/nofp\libcr_c.a
LOAD C:/nxp/MCUXpressoIDE_25.6.136/ide/plugins/com.nxp.mcuxpresso.tools.win32_25.6.0.202501151204/tools/bin/../lib/gcc/arm-none-eabi/14.2.1/thumb/v6-m/nofp\libcr_eabihelpers.a
LOAD C:/nxp/MCUXpressoIDE_25.6.136/ide/plugins/com.nxp.mcuxpresso.tools.win32_25.6.0.202501151204/tools/bin/../lib/gcc/arm-none-eabi/14.2.1/thumb/v6-m/nofp\libgcc.a
END GROUP
                0x00000000                        __base_MFlash32 = 0x0
                0x00000000                        __base_Flash = 0x0
                0x00008000                        __top_MFlash32 = 0x8000
                0x00008000                        __top_Flash = 0x8000
                0x10000000                        __base_RamLoc4 = 0x10000000
                0x10000000                        __base_RAM = 0x10000000
                0x10001000                        __top_RamLoc4 = 0x10001000
                0x10001000                        __top_RAM = 0x10001000
                0x20004000                        __base_RamUsb2 = 0x20004000
                0x20004000                        __base_RAM2 = 0x20004000
                0x20004800                        __top_RamUsb2 = 0x20004800
                0x20004800                        __top_RAM2 = 0x20004800

.text           0x00000000     0x2c28
 FILL mask 0xff
                0x00000000                        __vectors_start__ = ABSOLUTE (.)
 *(.isr_vector)
 .isr_vector    0x00000000       0xc0 ./src/cr_startup_lpc11uxx.o
                0x00000000                g_pfnVectors
                0x000000c0                        . = ALIGN (0x4)
                0x000000c0                        __section_table_start = .
                0x000000c0                        __data_section_table = .
                0x000000c0        0x4 LONG 0x2c28 LOADADDR (.data)
                0x000000c4        0x4 LONG 0x10000000 ADDR (.data)
                0x000000c8        0x4 LONG 0x44 SIZEOF (.data)
                0x000000cc        0x4 LONG 0x2c28 LOADADDR (.data_RAM2)
                0x000000d0        0x4 LONG 0x20004000 ADDR (.data_RAM2)
                0x000000d4        0x4 LONG 0x0 SIZEOF (.data_RAM2)
                0x000000d8                        __data_section_table_end = .
                0x000000d8                        __bss_section_table = .
                0x000000d8        0x4 LONG 0x10000044 ADDR (.bss)
                0x000000dc        0x4 LONG 0x2c SIZEOF (.bss)
                0x000000e0        0x4 LONG 0x20004000 ADDR (.bss_RAM2)
                0x000000e4        0x4 LONG 0x0 SIZEOF (.bss_RAM2)
                0x000000e8                        __bss_section_table_end = .
                0x000000e8                        __section_table_end = .
 *(.after_vectors*)
 .after_vectors
                0x000000e8      0x13c ./src/cr_startup_lpc11uxx.o
                0x000000e8                data_init
                0x0000012a                bss_init
                0x00000160                ResetISR
                0x000001f4                NMI_Handler
                0x000001fc                HardFault_Handler
                0x00000204                SVC_Handler
                0x0000020c                PendSV_Handler
                0x00000214                SysTick_Handler
                0x0000021c                FLEX_INT7_IRQHandler
                0x0000021c                TIMER32_1_IRQHandler
                0x0000021c                FLEX_INT1_IRQHandler
                0x0000021c                IntDefaultHandler
                0x0000021c                SSP0_IRQHandler
                0x0000021c                USBWakeup_IRQHandler
                0x0000021c                TIMER32_0_IRQHandler
                0x0000021c                UART_IRQHandler
                0x0000021c                FLEX_INT2_IRQHandler
                0x0000021c                TIMER16_1_IRQHandler
                0x0000021c                USB_FIQHandler
                0x0000021c                FLEX_INT5_IRQHandler
                0x0000021c                ADC_IRQHandler
                0x0000021c                SSP1_IRQHandler
                0x0000021c                FLEX_INT3_IRQHandler
                0x0000021c                USB_IRQHandler
                0x0000021c                BOD_IRQHandler
                0x0000021c                I2C_IRQHandler
                0x0000021c                WDT_IRQHandler
                0x0000021c                FLEX_INT0_IRQHandler
                0x0000021c                GINT0_IRQHandler
                0x0000021c                FLEX_INT4_IRQHandler
                0x0000021c                TIMER16_0_IRQHandler
                0x0000021c                FLEX_INT6_IRQHandler
                0x0000021c                FMC_IRQHandler
                0x0000021c                GINT1_IRQHandler
                0x000002fc                        . = 0x2fc
 *fill*         0x00000224       0xd8 ff
                0x000002fc                        PROVIDE (__CRP_WORD_START__ = .)
 *(.crp)
 .crp           0x000002fc        0x4 ./src/crp.o
                0x000002fc                CRP_WORD
                0x00000300                        PROVIDE (__CRP_WORD_END__ = .)
                0x00000001                        ASSERT (! ((__CRP_WORD_START__ == __CRP_WORD_END__)), Linker CRP Enabled, but no CRP_WORD provided within application)
 *(.text*)
 .text.systemIOInit
                0x00000300       0xc0 ./src/libraries/io.o
                0x00000300                systemIOInit
 .text.pinMode  0x000003c0     0x1a30 ./src/libraries/io.o
                0x000003c0                pinMode
 .text.digitalWrite
                0x00001df0       0xb2 ./src/libraries/io.o
                0x00001df0                digitalWrite
 *fill*         0x00001ea2        0x2 ff
 .text.digitalRead
                0x00001ea4       0x6c ./src/libraries/io.o
                0x00001ea4                digitalRead
 .text.keysInit
                0x00001f10       0x2c ./src/libraries/keys.o
                0x00001f10                keysInit
 .text.keyRead  0x00001f3c       0x14 ./src/libraries/keys.o
                0x00001f3c                keyRead
 .text.keysDebounce
                0x00001f50       0xc4 ./src/libraries/keys.o
                0x00001f50                keysDebounce
 .text.clockEnablePin
                0x00002014       0x1e ./src/libraries/lcd.o
                0x00002014                clockEnablePin
 .text.lcdInit  0x00002032       0xaa ./src/libraries/lcd.o
                0x00002032                lcdInit
 .text.sendNibble
                0x000020dc       0x98 ./src/libraries/lcd.o
                0x000020dc                sendNibble
 .text.lcdChar  0x00002174       0x5a ./src/libraries/lcd.o
                0x00002174                lcdChar
 .text.lcdString
                0x000021ce       0x42 ./src/libraries/lcd.o
                0x000021ce                lcdString
 .text.lcdCommand
                0x00002210       0x60 ./src/libraries/lcd.o
                0x00002210                lcdCommand
 .text.lcdSetCursor
                0x00002270       0x46 ./src/libraries/lcd.o
                0x00002270                lcdSetCursor
 *fill*         0x000022b6        0x2 ff
 .text.serialInit
                0x000022b8      0x100 ./src/libraries/serial.o
                0x000022b8                serialInit
 .text.timerInit
                0x000023b8       0x88 ./src/libraries/timer.o
                0x000023b8                timerInit
 .text.delay    0x00002440       0x9c ./src/libraries/timer.o
                0x00002440                delay
 .text.delay_us
                0x000024dc       0x64 ./src/libraries/timer.o
                0x000024dc                delay_us
 .text.eventInit
                0x00002540       0x14 ./src/event.o
                0x00002540                eventInit
 .text.eventRead
                0x00002554       0x54 ./src/event.o
                0x00002554                eventRead
 .text.main     0x000025a8       0x7c ./src/main.o
                0x000025a8                main
 .text.outputPrint
                0x00002624       0xe4 ./src/output.o
                0x00002624                outputPrint
 .text.smLoop   0x00002708       0x5a ./src/stateMachine.o
                0x00002708                smLoop
 *fill*         0x00002762        0x2 ff
 .text.addNewStateNode
                0x00002764       0xd0 ./src/variables.o
                0x00002764                addNewStateNode
 .text.inicializeStateList
                0x00002834       0x34 ./src/variables.o
                0x00002834                inicializeStateList
 .text.varInit  0x00002868       0x38 ./src/variables.o
                0x00002868                varInit
 .text.getState
                0x000028a0       0x14 ./src/variables.o
                0x000028a0                getState
 .text.setState
                0x000028b4       0x1c ./src/variables.o
                0x000028b4                setState
 .text.getNode  0x000028d0       0x14 ./src/variables.o
                0x000028d0                getNode
 .text.__weak_main
                0x000028e4        0x8 C:/nxp/MCUXpressoIDE_25.6.136/ide/plugins/com.nxp.mcuxpresso.tools.win32_25.6.0.202501151204/tools/bin/../lib/gcc/arm-none-eabi/14.2.1/../../../../arm-none-eabi/lib/thumb/v6-m/nofp\libcr_c.a(__weak__main.o)
                0x000028e4                __weak_main
                0x000028e4                __main
 .text.malloc   0x000028ec       0xd4 C:/nxp/MCUXpressoIDE_25.6.136/ide/plugins/com.nxp.mcuxpresso.tools.win32_25.6.0.202501151204/tools/bin/../lib/gcc/arm-none-eabi/14.2.1/../../../../arm-none-eabi/lib/thumb/v6-m/nofp\libcr_c.a(alloc.o)
                0x000028ec                malloc
 .text._sbrk    0x000029c0       0x40 C:/nxp/MCUXpressoIDE_25.6.136/ide/plugins/com.nxp.mcuxpresso.tools.win32_25.6.0.202501151204/tools/bin/../lib/gcc/arm-none-eabi/14.2.1/../../../../arm-none-eabi/lib/thumb/v6-m/nofp\libcr_c.a(_cr_sbrk.o)
                0x000029c0                _sbrk
 .text.__check_heap_overflow
                0x00002a00       0x18 C:/nxp/MCUXpressoIDE_25.6.136/ide/plugins/com.nxp.mcuxpresso.tools.win32_25.6.0.202501151204/tools/bin/../lib/gcc/arm-none-eabi/14.2.1/../../../../arm-none-eabi/lib/thumb/v6-m/nofp\libcr_c.a(_cr_check_heap.o)
                0x00002a00                __check_heap_overflow
 *(.rodata .rodata.* .constdata .constdata.*)
 .rodata.pinMode
                0x00002a18       0xe0 ./src/libraries/io.o
 .rodata        0x00002af8        0xc ./src/libraries/keys.o
 .rodata.str1.4
                0x00002b04      0x121 ./src/output.o
                0x00002c28                        . = ALIGN (0x4)
 *fill*         0x00002c25        0x3 ff

.glue_7         0x00002c28        0x0
 .glue_7        0x00002c28        0x0 linker stubs

.glue_7t        0x00002c28        0x0
 .glue_7t       0x00002c28        0x0 linker stubs

.vfp11_veneer   0x00002c28        0x0
 .vfp11_veneer  0x00002c28        0x0 linker stubs

.v4_bx          0x00002c28        0x0
 .v4_bx         0x00002c28        0x0 linker stubs

.iplt           0x00002c28        0x0
 .iplt          0x00002c28        0x0 ./src/libraries/io.o

.rel.dyn        0x00002c28        0x0
 .rel.iplt      0x00002c28        0x0 ./src/libraries/io.o

.ARM.extab
 *(.ARM.extab* .gnu.linkonce.armextab.*)

.ARM.exidx      0x00002c28        0x0
                0x00002c28                        __exidx_start = .
 *(.ARM.exidx* .gnu.linkonce.armexidx.*)
                0x00002c28                        __exidx_end = .
                0x00002c28                        _etext = .

.data_RAM2      0x20004000        0x0 load address 0x00002c28
 FILL mask 0xff
                [!provide]                        PROVIDE (__start_data_RAM2 = .)
                [!provide]                        PROVIDE (__start_data_RamUsb2 = .)
 *(.ramfunc.$RAM2)
 *(.ramfunc.$RamUsb2)
 *(.data.$RAM2)
 *(.data.$RamUsb2)
 *(.data.$RAM2.*)
 *(.data.$RamUsb2.*)
                0x20004000                        . = ALIGN (0x4)
                [!provide]                        PROVIDE (__end_data_RAM2 = .)
                [!provide]                        PROVIDE (__end_data_RamUsb2 = .)

.uninit_RESERVED
                0x10000000        0x0
                0x10000000                        _start_uninit_RESERVED = .
 *(.bss.$RESERVED*)
                0x10000000                        . = ALIGN (0x4)
                0x10000000                        _end_uninit_RESERVED = .

.data           0x10000000       0x44 load address 0x00002c28
 FILL mask 0xff
                0x10000000                        _data = .
                [!provide]                        PROVIDE (__start_data_RAM = .)
                [!provide]                        PROVIDE (__start_data_RamLoc4 = .)
 *(vtable)
 *(.ramfunc*)
 *(CodeQuickAccess)
 *(DataQuickAccess)
 *(RamFunction)
 *(.data*)
 .data.msgs     0x10000000       0x3c ./src/output.o
 .data.left_Arrow
                0x1000003c        0x4 ./src/output.o
 .data.right_Arrow
                0x10000040        0x4 ./src/output.o
                0x10000044                        . = ALIGN (0x4)
                0x10000044                        _edata = .
                [!provide]                        PROVIDE (__end_data_RAM = .)
                [!provide]                        PROVIDE (__end_data_RamLoc4 = .)

.igot.plt       0x10000044        0x0 load address 0x00002c6c
 .igot.plt      0x10000044        0x0 ./src/libraries/io.o

.bss_RAM2       0x20004000        0x0
                [!provide]                        PROVIDE (__start_bss_RAM2 = .)
                [!provide]                        PROVIDE (__start_bss_RamUsb2 = .)
 *(.bss.$RAM2)
 *(.bss.$RamUsb2)
 *(.bss.$RAM2.*)
 *(.bss.$RamUsb2.*)
                0x20004000                        . = ALIGN ((. != 0x0)?0x4:0x1)
                [!provide]                        PROVIDE (__end_bss_RAM2 = .)
                [!provide]                        PROVIDE (__end_bss_RamUsb2 = .)

.bss            0x10000044       0x2c
                0x10000044                        _bss = .
                [!provide]                        PROVIDE (__start_bss_RAM = .)
                [!provide]                        PROVIDE (__start_bss_RamLoc4 = .)
 *(.bss*)
 .bss.debouncedKeys
                0x10000044        0x1 ./src/libraries/keys.o
                0x10000044                debouncedKeys
 *fill*         0x10000045        0x3 
 .bss.t         0x10000048        0x4 ./src/libraries/keys.o
                0x10000048                t
 .bss.currentKey.1
                0x1000004c        0x1 ./src/libraries/keys.o
 .bss.prevKey.0
                0x1000004d        0x1 ./src/libraries/keys.o
 .bss.prev_Key  0x1000004e        0x1 ./src/event.o
 *fill*         0x1000004f        0x1 
 .bss.time      0x10000050        0x4 ./src/variables.o
 .bss.alarmLevel
                0x10000054        0x4 ./src/variables.o
 .bss.head_State_List
                0x10000058        0x4 ./src/variables.o
                0x10000058                head_State_List
 .bss.tail_State_List
                0x1000005c        0x4 ./src/variables.o
                0x1000005c                tail_State_List
 .bss.current_State_Node
                0x10000060        0x4 ./src/variables.o
                0x10000060                current_State_Node
 .bss.__end_of_heap
                0x10000064        0x4 C:/nxp/MCUXpressoIDE_25.6.136/ide/plugins/com.nxp.mcuxpresso.tools.win32_25.6.0.202501151204/tools/bin/../lib/gcc/arm-none-eabi/14.2.1/../../../../arm-none-eabi/lib/thumb/v6-m/nofp\libcr_c.a(__init_alloc.o)
                0x10000064                __end_of_heap
 .bss.__heaps   0x10000068        0x4 C:/nxp/MCUXpressoIDE_25.6.136/ide/plugins/com.nxp.mcuxpresso.tools.win32_25.6.0.202501151204/tools/bin/../lib/gcc/arm-none-eabi/14.2.1/../../../../arm-none-eabi/lib/thumb/v6-m/nofp\libcr_c.a(__init_alloc.o)
                0x10000068                __heaps
 .bss.errno     0x1000006c        0x4 C:/nxp/MCUXpressoIDE_25.6.136/ide/plugins/com.nxp.mcuxpresso.tools.win32_25.6.0.202501151204/tools/bin/../lib/gcc/arm-none-eabi/14.2.1/../../../../arm-none-eabi/lib/thumb/v6-m/nofp\libcr_c.a(errno.o)
                0x1000006c                errno
 *(COMMON)
                0x10000070                        . = ALIGN (0x4)
                0x10000070                        _ebss = .
                [!provide]                        PROVIDE (__end_bss_RAM = .)
                [!provide]                        PROVIDE (__end_bss_RamLoc4 = .)
                [!provide]                        PROVIDE (end = .)

.noinit_RAM2    0x20004000        0x0
                [!provide]                        PROVIDE (__start_noinit_RAM2 = .)
                [!provide]                        PROVIDE (__start_noinit_RamUsb2 = .)
 *(.noinit.$RAM2)
 *(.noinit.$RamUsb2)
 *(.noinit.$RAM2.*)
 *(.noinit.$RamUsb2.*)
                0x20004000                        . = ALIGN (0x4)
                [!provide]                        PROVIDE (__end_noinit_RAM2 = .)
                [!provide]                        PROVIDE (__end_noinit_RamUsb2 = .)

.noinit         0x10000070        0x0
                0x10000070                        _noinit = .
                [!provide]                        PROVIDE (__start_noinit_RAM = .)
                [!provide]                        PROVIDE (__start_noinit_RamLoc4 = .)
 *(.noinit*)
                0x10000070                        . = ALIGN (0x4)
                0x10000070                        _end_noinit = .
                [!provide]                        PROVIDE (__end_noinit_RAM = .)
                [!provide]                        PROVIDE (__end_noinit_RamLoc4 = .)
                0x10000070                        PROVIDE (_pvHeapStart = DEFINED (__user_heap_base)?__user_heap_base:.)
                0x10001000                        PROVIDE (_vStackTop = DEFINED (__user_stack_top)?__user_stack_top:(__top_RamLoc4 - 0x0))
                0xefffeaad                        PROVIDE (__valid_user_code_checksum = (0x0 - (((_vStackTop + (ResetISR + 0x1)) + (DEFINED (NMI_Handler)?NMI_Handler:M0_NMI_Handler + 0x1)) + (DEFINED (HardFault_Handler)?HardFault_Handler:M0_HardFault_Handler + 0x1))))
                0x00000000                        _image_start = LOADADDR (.text)
                0x00002c6c                        _image_end = (LOADADDR (.data) + SIZEOF (.data))
                0x00002c6c                        _image_size = (_image_end - _image_start)
OUTPUT(finalProject.axf elf32-littlearm)
LOAD linker stubs

.debug_info     0x00000000     0x330f
 .debug_info    0x00000000      0xbd3 ./src/libraries/io.o
 .debug_info    0x00000bd3      0x18d ./src/libraries/keys.o
 .debug_info    0x00000d60      0x234 ./src/libraries/lcd.o
 .debug_info    0x00000f94      0xa31 ./src/libraries/serial.o
 .debug_info    0x000019c5      0x72b ./src/libraries/timer.o
 .debug_info    0x000020f0      0x266 ./src/cr_startup_lpc11uxx.o
 .debug_info    0x00002356       0x40 ./src/crp.o
 .debug_info    0x00002396       0xe4 ./src/event.o
 .debug_info    0x0000247a      0x169 ./src/main.o
 .debug_info    0x000025e3      0x174 ./src/output.o
 .debug_info    0x00002757      0x19f ./src/stateMachine.o
 .debug_info    0x000028f6      0x219 ./src/variables.o
 .debug_info    0x00002b0f       0x4a C:/nxp/MCUXpressoIDE_25.6.136/ide/plugins/com.nxp.mcuxpresso.tools.win32_25.6.0.202501151204/tools/bin/../lib/gcc/arm-none-eabi/14.2.1/../../../../arm-none-eabi/lib/thumb/v6-m/nofp\libcr_c.a(__weak__main.o)
 .debug_info    0x00002b59      0x526 C:/nxp/MCUXpressoIDE_25.6.136/ide/plugins/com.nxp.mcuxpresso.tools.win32_25.6.0.202501151204/tools/bin/../lib/gcc/arm-none-eabi/14.2.1/../../../../arm-none-eabi/lib/thumb/v6-m/nofp\libcr_c.a(alloc.o)
 .debug_info    0x0000307f       0xd4 C:/nxp/MCUXpressoIDE_25.6.136/ide/plugins/com.nxp.mcuxpresso.tools.win32_25.6.0.202501151204/tools/bin/../lib/gcc/arm-none-eabi/14.2.1/../../../../arm-none-eabi/lib/thumb/v6-m/nofp\libcr_c.a(__init_alloc.o)
 .debug_info    0x00003153      0x107 C:/nxp/MCUXpressoIDE_25.6.136/ide/plugins/com.nxp.mcuxpresso.tools.win32_25.6.0.202501151204/tools/bin/../lib/gcc/arm-none-eabi/14.2.1/../../../../arm-none-eabi/lib/thumb/v6-m/nofp\libcr_c.a(_cr_sbrk.o)
 .debug_info    0x0000325a       0x44 C:/nxp/MCUXpressoIDE_25.6.136/ide/plugins/com.nxp.mcuxpresso.tools.win32_25.6.0.202501151204/tools/bin/../lib/gcc/arm-none-eabi/14.2.1/../../../../arm-none-eabi/lib/thumb/v6-m/nofp\libcr_c.a(errno.o)
 .debug_info    0x0000329e       0x71 C:/nxp/MCUXpressoIDE_25.6.136/ide/plugins/com.nxp.mcuxpresso.tools.win32_25.6.0.202501151204/tools/bin/../lib/gcc/arm-none-eabi/14.2.1/../../../../arm-none-eabi/lib/thumb/v6-m/nofp\libcr_c.a(_cr_check_heap.o)

.debug_abbrev   0x00000000     0x12a0
 .debug_abbrev  0x00000000      0x1bc ./src/libraries/io.o
 .debug_abbrev  0x000001bc      0x13e ./src/libraries/keys.o
 .debug_abbrev  0x000002fa      0x134 ./src/libraries/lcd.o
 .debug_abbrev  0x0000042e      0x19f ./src/libraries/serial.o
 .debug_abbrev  0x000005cd      0x168 ./src/libraries/timer.o
 .debug_abbrev  0x00000735      0x143 ./src/cr_startup_lpc11uxx.o
 .debug_abbrev  0x00000878       0x38 ./src/crp.o
 .debug_abbrev  0x000008b0       0xcb ./src/event.o
 .debug_abbrev  0x0000097b       0xc4 ./src/main.o
 .debug_abbrev  0x00000a3f       0xf8 ./src/output.o
 .debug_abbrev  0x00000b37      0x10e ./src/stateMachine.o
 .debug_abbrev  0x00000c45      0x163 ./src/variables.o
 .debug_abbrev  0x00000da8       0x4c C:/nxp/MCUXpressoIDE_25.6.136/ide/plugins/com.nxp.mcuxpresso.tools.win32_25.6.0.202501151204/tools/bin/../lib/gcc/arm-none-eabi/14.2.1/../../../../arm-none-eabi/lib/thumb/v6-m/nofp\libcr_c.a(__weak__main.o)
 .debug_abbrev  0x00000df4      0x27b C:/nxp/MCUXpressoIDE_25.6.136/ide/plugins/com.nxp.mcuxpresso.tools.win32_25.6.0.202501151204/tools/bin/../lib/gcc/arm-none-eabi/14.2.1/../../../../arm-none-eabi/lib/thumb/v6-m/nofp\libcr_c.a(alloc.o)
 .debug_abbrev  0x0000106f       0xaf C:/nxp/MCUXpressoIDE_25.6.136/ide/plugins/com.nxp.mcuxpresso.tools.win32_25.6.0.202501151204/tools/bin/../lib/gcc/arm-none-eabi/14.2.1/../../../../arm-none-eabi/lib/thumb/v6-m/nofp\libcr_c.a(__init_alloc.o)
 .debug_abbrev  0x0000111e       0xd3 C:/nxp/MCUXpressoIDE_25.6.136/ide/plugins/com.nxp.mcuxpresso.tools.win32_25.6.0.202501151204/tools/bin/../lib/gcc/arm-none-eabi/14.2.1/../../../../arm-none-eabi/lib/thumb/v6-m/nofp\libcr_c.a(_cr_sbrk.o)
 .debug_abbrev  0x000011f1       0x44 C:/nxp/MCUXpressoIDE_25.6.136/ide/plugins/com.nxp.mcuxpresso.tools.win32_25.6.0.202501151204/tools/bin/../lib/gcc/arm-none-eabi/14.2.1/../../../../arm-none-eabi/lib/thumb/v6-m/nofp\libcr_c.a(errno.o)
 .debug_abbrev  0x00001235       0x6b C:/nxp/MCUXpressoIDE_25.6.136/ide/plugins/com.nxp.mcuxpresso.tools.win32_25.6.0.202501151204/tools/bin/../lib/gcc/arm-none-eabi/14.2.1/../../../../arm-none-eabi/lib/thumb/v6-m/nofp\libcr_c.a(_cr_check_heap.o)

.debug_aranges  0x00000000      0x360
 .debug_aranges
                0x00000000       0x38 ./src/libraries/io.o
 .debug_aranges
                0x00000038       0x30 ./src/libraries/keys.o
 .debug_aranges
                0x00000068       0x50 ./src/libraries/lcd.o
 .debug_aranges
                0x000000b8       0x38 ./src/libraries/serial.o
 .debug_aranges
                0x000000f0       0x40 ./src/libraries/timer.o
 .debug_aranges
                0x00000130       0x60 ./src/cr_startup_lpc11uxx.o
 .debug_aranges
                0x00000190       0x18 ./src/crp.o
 .debug_aranges
                0x000001a8       0x28 ./src/event.o
 .debug_aranges
                0x000001d0       0x20 ./src/main.o
 .debug_aranges
                0x000001f0       0x28 ./src/output.o
 .debug_aranges
                0x00000218       0x28 ./src/stateMachine.o
 .debug_aranges
                0x00000240       0x48 ./src/variables.o
 .debug_aranges
                0x00000288       0x20 C:/nxp/MCUXpressoIDE_25.6.136/ide/plugins/com.nxp.mcuxpresso.tools.win32_25.6.0.202501151204/tools/bin/../lib/gcc/arm-none-eabi/14.2.1/../../../../arm-none-eabi/lib/thumb/v6-m/nofp\libcr_c.a(__weak__main.o)
 .debug_aranges
                0x000002a8       0x40 C:/nxp/MCUXpressoIDE_25.6.136/ide/plugins/com.nxp.mcuxpresso.tools.win32_25.6.0.202501151204/tools/bin/../lib/gcc/arm-none-eabi/14.2.1/../../../../arm-none-eabi/lib/thumb/v6-m/nofp\libcr_c.a(alloc.o)
 .debug_aranges
                0x000002e8       0x20 C:/nxp/MCUXpressoIDE_25.6.136/ide/plugins/com.nxp.mcuxpresso.tools.win32_25.6.0.202501151204/tools/bin/../lib/gcc/arm-none-eabi/14.2.1/../../../../arm-none-eabi/lib/thumb/v6-m/nofp\libcr_c.a(__init_alloc.o)
 .debug_aranges
                0x00000308       0x20 C:/nxp/MCUXpressoIDE_25.6.136/ide/plugins/com.nxp.mcuxpresso.tools.win32_25.6.0.202501151204/tools/bin/../lib/gcc/arm-none-eabi/14.2.1/../../../../arm-none-eabi/lib/thumb/v6-m/nofp\libcr_c.a(_cr_sbrk.o)
 .debug_aranges
                0x00000328       0x18 C:/nxp/MCUXpressoIDE_25.6.136/ide/plugins/com.nxp.mcuxpresso.tools.win32_25.6.0.202501151204/tools/bin/../lib/gcc/arm-none-eabi/14.2.1/../../../../arm-none-eabi/lib/thumb/v6-m/nofp\libcr_c.a(errno.o)
 .debug_aranges
                0x00000340       0x20 C:/nxp/MCUXpressoIDE_25.6.136/ide/plugins/com.nxp.mcuxpresso.tools.win32_25.6.0.202501151204/tools/bin/../lib/gcc/arm-none-eabi/14.2.1/../../../../arm-none-eabi/lib/thumb/v6-m/nofp\libcr_c.a(_cr_check_heap.o)

.debug_ranges   0x00000000      0x250
 .debug_ranges  0x00000000       0x28 ./src/libraries/io.o
 .debug_ranges  0x00000028       0x20 ./src/libraries/keys.o
 .debug_ranges  0x00000048       0x40 ./src/libraries/lcd.o
 .debug_ranges  0x00000088       0x28 ./src/libraries/serial.o
 .debug_ranges  0x000000b0       0x30 ./src/libraries/timer.o
 .debug_ranges  0x000000e0       0x50 ./src/cr_startup_lpc11uxx.o
 .debug_ranges  0x00000130       0x18 ./src/event.o
 .debug_ranges  0x00000148       0x10 ./src/main.o
 .debug_ranges  0x00000158       0x18 ./src/output.o
 .debug_ranges  0x00000170       0x18 ./src/stateMachine.o
 .debug_ranges  0x00000188       0x38 ./src/variables.o
 .debug_ranges  0x000001c0       0x10 C:/nxp/MCUXpressoIDE_25.6.136/ide/plugins/com.nxp.mcuxpresso.tools.win32_25.6.0.202501151204/tools/bin/../lib/gcc/arm-none-eabi/14.2.1/../../../../arm-none-eabi/lib/thumb/v6-m/nofp\libcr_c.a(__weak__main.o)
 .debug_ranges  0x000001d0       0x50 C:/nxp/MCUXpressoIDE_25.6.136/ide/plugins/com.nxp.mcuxpresso.tools.win32_25.6.0.202501151204/tools/bin/../lib/gcc/arm-none-eabi/14.2.1/../../../../arm-none-eabi/lib/thumb/v6-m/nofp\libcr_c.a(alloc.o)
 .debug_ranges  0x00000220       0x10 C:/nxp/MCUXpressoIDE_25.6.136/ide/plugins/com.nxp.mcuxpresso.tools.win32_25.6.0.202501151204/tools/bin/../lib/gcc/arm-none-eabi/14.2.1/../../../../arm-none-eabi/lib/thumb/v6-m/nofp\libcr_c.a(__init_alloc.o)
 .debug_ranges  0x00000230       0x10 C:/nxp/MCUXpressoIDE_25.6.136/ide/plugins/com.nxp.mcuxpresso.tools.win32_25.6.0.202501151204/tools/bin/../lib/gcc/arm-none-eabi/14.2.1/../../../../arm-none-eabi/lib/thumb/v6-m/nofp\libcr_c.a(_cr_sbrk.o)
 .debug_ranges  0x00000240       0x10 C:/nxp/MCUXpressoIDE_25.6.136/ide/plugins/com.nxp.mcuxpresso.tools.win32_25.6.0.202501151204/tools/bin/../lib/gcc/arm-none-eabi/14.2.1/../../../../arm-none-eabi/lib/thumb/v6-m/nofp\libcr_c.a(_cr_check_heap.o)

.debug_macro    0x00000000      0xc94
 .debug_macro   0x00000000       0xb7 ./src/libraries/io.o
 .debug_macro   0x000000b7       0x1c ./src/libraries/io.o
 .debug_macro   0x000000d3       0x1c ./src/libraries/io.o
 .debug_macro   0x000000ef       0x22 ./src/libraries/io.o
 .debug_macro   0x00000111       0xd1 ./src/libraries/io.o
 .debug_macro   0x000001e2      0x391 ./src/libraries/io.o
 .debug_macro   0x00000573      0x10e ./src/libraries/io.o
 .debug_macro   0x00000681       0xb3 ./src/libraries/keys.o
 .debug_macro   0x00000734       0x22 ./src/libraries/keys.o
 .debug_macro   0x00000756       0xc4 ./src/libraries/lcd.o
 .debug_macro   0x0000081a       0x99 ./src/libraries/serial.o
 .debug_macro   0x000008b3       0x8d ./src/libraries/timer.o
 .debug_macro   0x00000940       0x1d ./src/cr_startup_lpc11uxx.o
 .debug_macro   0x0000095d       0x1a ./src/crp.o
 .debug_macro   0x00000977       0x34 ./src/crp.o
 .debug_macro   0x000009ab       0x2e ./src/event.o
 .debug_macro   0x000009d9       0xd7 ./src/main.o
 .debug_macro   0x00000ab0       0x82 ./src/main.o
 .debug_macro   0x00000b32       0x10 ./src/main.o
 .debug_macro   0x00000b42       0x64 ./src/output.o
 .debug_macro   0x00000ba6       0x77 ./src/stateMachine.o
 .debug_macro   0x00000c1d       0x28 ./src/stateMachine.o
 .debug_macro   0x00000c45       0x4f ./src/variables.o

.debug_line     0x00000000     0x278a
 .debug_line    0x00000000      0x9a4 ./src/libraries/io.o
 .debug_line    0x000009a4      0x281 ./src/libraries/keys.o
 .debug_line    0x00000c25      0x317 ./src/libraries/lcd.o
 .debug_line    0x00000f3c      0x2a3 ./src/libraries/serial.o
 .debug_line    0x000011df      0x2da ./src/libraries/timer.o
 .debug_line    0x000014b9      0x10c ./src/cr_startup_lpc11uxx.o
 .debug_line    0x000015c5       0xae ./src/crp.o
 .debug_line    0x00001673       0xab ./src/event.o
 .debug_line    0x0000171e      0x2d8 ./src/main.o
 .debug_line    0x000019f6      0x1d8 ./src/output.o
 .debug_line    0x00001bce      0x1ff ./src/stateMachine.o
 .debug_line    0x00001dcd      0x284 ./src/variables.o
 .debug_line    0x00002051       0x56 C:/nxp/MCUXpressoIDE_25.6.136/ide/plugins/com.nxp.mcuxpresso.tools.win32_25.6.0.202501151204/tools/bin/../lib/gcc/arm-none-eabi/14.2.1/../../../../arm-none-eabi/lib/thumb/v6-m/nofp\libcr_c.a(__weak__main.o)
 .debug_line    0x000020a7      0x429 C:/nxp/MCUXpressoIDE_25.6.136/ide/plugins/com.nxp.mcuxpresso.tools.win32_25.6.0.202501151204/tools/bin/../lib/gcc/arm-none-eabi/14.2.1/../../../../arm-none-eabi/lib/thumb/v6-m/nofp\libcr_c.a(alloc.o)
 .debug_line    0x000024d0       0x5f C:/nxp/MCUXpressoIDE_25.6.136/ide/plugins/com.nxp.mcuxpresso.tools.win32_25.6.0.202501151204/tools/bin/../lib/gcc/arm-none-eabi/14.2.1/../../../../arm-none-eabi/lib/thumb/v6-m/nofp\libcr_c.a(__init_alloc.o)
 .debug_line    0x0000252f      0x174 C:/nxp/MCUXpressoIDE_25.6.136/ide/plugins/com.nxp.mcuxpresso.tools.win32_25.6.0.202501151204/tools/bin/../lib/gcc/arm-none-eabi/14.2.1/../../../../arm-none-eabi/lib/thumb/v6-m/nofp\libcr_c.a(_cr_sbrk.o)
 .debug_line    0x000026a3       0x86 C:/nxp/MCUXpressoIDE_25.6.136/ide/plugins/com.nxp.mcuxpresso.tools.win32_25.6.0.202501151204/tools/bin/../lib/gcc/arm-none-eabi/14.2.1/../../../../arm-none-eabi/lib/thumb/v6-m/nofp\libcr_c.a(errno.o)
 .debug_line    0x00002729       0x61 C:/nxp/MCUXpressoIDE_25.6.136/ide/plugins/com.nxp.mcuxpresso.tools.win32_25.6.0.202501151204/tools/bin/../lib/gcc/arm-none-eabi/14.2.1/../../../../arm-none-eabi/lib/thumb/v6-m/nofp\libcr_c.a(_cr_check_heap.o)

.debug_str      0x00000000     0x794c
 .debug_str     0x00000000     0x794c ./src/libraries/io.o
                               0x6a7c (size before relaxing)
 .debug_str     0x0000794c     0x6691 ./src/libraries/keys.o
 .debug_str     0x0000794c     0x66a2 ./src/libraries/lcd.o
 .debug_str     0x0000794c     0x69ea ./src/libraries/serial.o
 .debug_str     0x0000794c     0x67cf ./src/libraries/timer.o
 .debug_str     0x0000794c     0x2f87 ./src/cr_startup_lpc11uxx.o
 .debug_str     0x0000794c     0x2eaf ./src/crp.o
 .debug_str     0x0000794c     0x2f05 ./src/event.o
 .debug_str     0x0000794c     0x4b9e ./src/main.o
 .debug_str     0x0000794c     0x4615 ./src/output.o
 .debug_str     0x0000794c     0x460b ./src/stateMachine.o
 .debug_str     0x0000794c     0x34e4 ./src/variables.o
 .debug_str     0x0000794c      0x127 C:/nxp/MCUXpressoIDE_25.6.136/ide/plugins/com.nxp.mcuxpresso.tools.win32_25.6.0.202501151204/tools/bin/../lib/gcc/arm-none-eabi/14.2.1/../../../../arm-none-eabi/lib/thumb/v6-m/nofp\libcr_c.a(__weak__main.o)
 .debug_str     0x0000794c      0x234 C:/nxp/MCUXpressoIDE_25.6.136/ide/plugins/com.nxp.mcuxpresso.tools.win32_25.6.0.202501151204/tools/bin/../lib/gcc/arm-none-eabi/14.2.1/../../../../arm-none-eabi/lib/thumb/v6-m/nofp\libcr_c.a(alloc.o)
 .debug_str     0x0000794c      0x180 C:/nxp/MCUXpressoIDE_25.6.136/ide/plugins/com.nxp.mcuxpresso.tools.win32_25.6.0.202501151204/tools/bin/../lib/gcc/arm-none-eabi/14.2.1/../../../../arm-none-eabi/lib/thumb/v6-m/nofp\libcr_c.a(__init_alloc.o)
 .debug_str     0x0000794c      0x1c2 C:/nxp/MCUXpressoIDE_25.6.136/ide/plugins/com.nxp.mcuxpresso.tools.win32_25.6.0.202501151204/tools/bin/../lib/gcc/arm-none-eabi/14.2.1/../../../../arm-none-eabi/lib/thumb/v6-m/nofp\libcr_c.a(_cr_sbrk.o)
 .debug_str     0x0000794c      0x115 C:/nxp/MCUXpressoIDE_25.6.136/ide/plugins/com.nxp.mcuxpresso.tools.win32_25.6.0.202501151204/tools/bin/../lib/gcc/arm-none-eabi/14.2.1/../../../../arm-none-eabi/lib/thumb/v6-m/nofp\libcr_c.a(errno.o)
 .debug_str     0x0000794c      0x15d C:/nxp/MCUXpressoIDE_25.6.136/ide/plugins/com.nxp.mcuxpresso.tools.win32_25.6.0.202501151204/tools/bin/../lib/gcc/arm-none-eabi/14.2.1/../../../../arm-none-eabi/lib/thumb/v6-m/nofp\libcr_c.a(_cr_check_heap.o)

.comment        0x00000000       0x45
 .comment       0x00000000       0x45 ./src/libraries/io.o
                                 0x46 (size before relaxing)
 .comment       0x00000045       0x46 ./src/libraries/keys.o
 .comment       0x00000045       0x46 ./src/libraries/lcd.o
 .comment       0x00000045       0x46 ./src/libraries/serial.o
 .comment       0x00000045       0x46 ./src/libraries/timer.o
 .comment       0x00000045       0x46 ./src/cr_startup_lpc11uxx.o
 .comment       0x00000045       0x46 ./src/crp.o
 .comment       0x00000045       0x46 ./src/event.o
 .comment       0x00000045       0x46 ./src/main.o
 .comment       0x00000045       0x46 ./src/output.o
 .comment       0x00000045       0x46 ./src/stateMachine.o
 .comment       0x00000045       0x46 ./src/variables.o
 .comment       0x00000045       0x46 C:/nxp/MCUXpressoIDE_25.6.136/ide/plugins/com.nxp.mcuxpresso.tools.win32_25.6.0.202501151204/tools/bin/../lib/gcc/arm-none-eabi/14.2.1/../../../../arm-none-eabi/lib/thumb/v6-m/nofp\libcr_c.a(__weak__main.o)
 .comment       0x00000045       0x46 C:/nxp/MCUXpressoIDE_25.6.136/ide/plugins/com.nxp.mcuxpresso.tools.win32_25.6.0.202501151204/tools/bin/../lib/gcc/arm-none-eabi/14.2.1/../../../../arm-none-eabi/lib/thumb/v6-m/nofp\libcr_c.a(alloc.o)
 .comment       0x00000045       0x46 C:/nxp/MCUXpressoIDE_25.6.136/ide/plugins/com.nxp.mcuxpresso.tools.win32_25.6.0.202501151204/tools/bin/../lib/gcc/arm-none-eabi/14.2.1/../../../../arm-none-eabi/lib/thumb/v6-m/nofp\libcr_c.a(__init_alloc.o)
 .comment       0x00000045       0x46 C:/nxp/MCUXpressoIDE_25.6.136/ide/plugins/com.nxp.mcuxpresso.tools.win32_25.6.0.202501151204/tools/bin/../lib/gcc/arm-none-eabi/14.2.1/../../../../arm-none-eabi/lib/thumb/v6-m/nofp\libcr_c.a(_cr_sbrk.o)
 .comment       0x00000045       0x46 C:/nxp/MCUXpressoIDE_25.6.136/ide/plugins/com.nxp.mcuxpresso.tools.win32_25.6.0.202501151204/tools/bin/../lib/gcc/arm-none-eabi/14.2.1/../../../../arm-none-eabi/lib/thumb/v6-m/nofp\libcr_c.a(errno.o)
 .comment       0x00000045       0x46 C:/nxp/MCUXpressoIDE_25.6.136/ide/plugins/com.nxp.mcuxpresso.tools.win32_25.6.0.202501151204/tools/bin/../lib/gcc/arm-none-eabi/14.2.1/../../../../arm-none-eabi/lib/thumb/v6-m/nofp\libcr_c.a(_cr_check_heap.o)

.ARM.attributes
                0x00000000       0x28
 .ARM.attributes
                0x00000000       0x2c ./src/libraries/io.o
 .ARM.attributes
                0x0000002c       0x2c ./src/libraries/keys.o
 .ARM.attributes
                0x00000058       0x2c ./src/libraries/lcd.o
 .ARM.attributes
                0x00000084       0x2c ./src/libraries/serial.o
 .ARM.attributes
                0x000000b0       0x2c ./src/libraries/timer.o
 .ARM.attributes
                0x000000dc       0x2c ./src/cr_startup_lpc11uxx.o
 .ARM.attributes
                0x00000108       0x2c ./src/crp.o
 .ARM.attributes
                0x00000134       0x2c ./src/event.o
 .ARM.attributes
                0x00000160       0x2c ./src/main.o
 .ARM.attributes
                0x0000018c       0x2c ./src/output.o
 .ARM.attributes
                0x000001b8       0x2c ./src/stateMachine.o
 .ARM.attributes
                0x000001e4       0x2c ./src/variables.o
 .ARM.attributes
                0x00000210       0x2c C:/nxp/MCUXpressoIDE_25.6.136/ide/plugins/com.nxp.mcuxpresso.tools.win32_25.6.0.202501151204/tools/bin/../lib/gcc/arm-none-eabi/14.2.1/../../../../arm-none-eabi/lib/thumb/v6-m/nofp\libcr_c.a(__weak__main.o)
 .ARM.attributes
                0x0000023c       0x2c C:/nxp/MCUXpressoIDE_25.6.136/ide/plugins/com.nxp.mcuxpresso.tools.win32_25.6.0.202501151204/tools/bin/../lib/gcc/arm-none-eabi/14.2.1/../../../../arm-none-eabi/lib/thumb/v6-m/nofp\libcr_c.a(alloc.o)
 .ARM.attributes
                0x00000268       0x2c C:/nxp/MCUXpressoIDE_25.6.136/ide/plugins/com.nxp.mcuxpresso.tools.win32_25.6.0.202501151204/tools/bin/../lib/gcc/arm-none-eabi/14.2.1/../../../../arm-none-eabi/lib/thumb/v6-m/nofp\libcr_c.a(__init_alloc.o)
 .ARM.attributes
                0x00000294       0x2c C:/nxp/MCUXpressoIDE_25.6.136/ide/plugins/com.nxp.mcuxpresso.tools.win32_25.6.0.202501151204/tools/bin/../lib/gcc/arm-none-eabi/14.2.1/../../../../arm-none-eabi/lib/thumb/v6-m/nofp\libcr_c.a(_cr_sbrk.o)
 .ARM.attributes
                0x000002c0       0x2c C:/nxp/MCUXpressoIDE_25.6.136/ide/plugins/com.nxp.mcuxpresso.tools.win32_25.6.0.202501151204/tools/bin/../lib/gcc/arm-none-eabi/14.2.1/../../../../arm-none-eabi/lib/thumb/v6-m/nofp\libcr_c.a(errno.o)
 .ARM.attributes
                0x000002ec       0x2c C:/nxp/MCUXpressoIDE_25.6.136/ide/plugins/com.nxp.mcuxpresso.tools.win32_25.6.0.202501151204/tools/bin/../lib/gcc/arm-none-eabi/14.2.1/../../../../arm-none-eabi/lib/thumb/v6-m/nofp\libcr_c.a(_cr_check_heap.o)

.debug_frame    0x00000000      0x72c
 .debug_frame   0x00000000       0x8c ./src/libraries/io.o
 .debug_frame   0x0000008c       0x68 ./src/libraries/keys.o
 .debug_frame   0x000000f4       0xe8 ./src/libraries/lcd.o
 .debug_frame   0x000001dc       0x88 ./src/libraries/serial.o
 .debug_frame   0x00000264       0xa8 ./src/libraries/timer.o
 .debug_frame   0x0000030c      0x118 ./src/cr_startup_lpc11uxx.o
 .debug_frame   0x00000424       0x4c ./src/event.o
 .debug_frame   0x00000470       0x30 ./src/main.o
 .debug_frame   0x000004a0       0x4c ./src/output.o
 .debug_frame   0x000004ec       0x4c ./src/stateMachine.o
 .debug_frame   0x00000538       0xc4 ./src/variables.o
 .debug_frame   0x000005fc       0x28 C:/nxp/MCUXpressoIDE_25.6.136/ide/plugins/com.nxp.mcuxpresso.tools.win32_25.6.0.202501151204/tools/bin/../lib/gcc/arm-none-eabi/14.2.1/../../../../arm-none-eabi/lib/thumb/v6-m/nofp\libcr_c.a(__weak__main.o)
 .debug_frame   0x00000624       0x9c C:/nxp/MCUXpressoIDE_25.6.136/ide/plugins/com.nxp.mcuxpresso.tools.win32_25.6.0.202501151204/tools/bin/../lib/gcc/arm-none-eabi/14.2.1/../../../../arm-none-eabi/lib/thumb/v6-m/nofp\libcr_c.a(alloc.o)
 .debug_frame   0x000006c0       0x20 C:/nxp/MCUXpressoIDE_25.6.136/ide/plugins/com.nxp.mcuxpresso.tools.win32_25.6.0.202501151204/tools/bin/../lib/gcc/arm-none-eabi/14.2.1/../../../../arm-none-eabi/lib/thumb/v6-m/nofp\libcr_c.a(__init_alloc.o)
 .debug_frame   0x000006e0       0x2c C:/nxp/MCUXpressoIDE_25.6.136/ide/plugins/com.nxp.mcuxpresso.tools.win32_25.6.0.202501151204/tools/bin/../lib/gcc/arm-none-eabi/14.2.1/../../../../arm-none-eabi/lib/thumb/v6-m/nofp\libcr_c.a(_cr_sbrk.o)
 .debug_frame   0x0000070c       0x20 C:/nxp/MCUXpressoIDE_25.6.136/ide/plugins/com.nxp.mcuxpresso.tools.win32_25.6.0.202501151204/tools/bin/../lib/gcc/arm-none-eabi/14.2.1/../../../../arm-none-eabi/lib/thumb/v6-m/nofp\libcr_c.a(_cr_check_heap.o)

.debug_loc      0x00000000      0x95c
 .debug_loc     0x00000000      0x8d7 C:/nxp/MCUXpressoIDE_25.6.136/ide/plugins/com.nxp.mcuxpresso.tools.win32_25.6.0.202501151204/tools/bin/../lib/gcc/arm-none-eabi/14.2.1/../../../../arm-none-eabi/lib/thumb/v6-m/nofp\libcr_c.a(alloc.o)
 .debug_loc     0x000008d7       0x63 C:/nxp/MCUXpressoIDE_25.6.136/ide/plugins/com.nxp.mcuxpresso.tools.win32_25.6.0.202501151204/tools/bin/../lib/gcc/arm-none-eabi/14.2.1/../../../../arm-none-eabi/lib/thumb/v6-m/nofp\libcr_c.a(_cr_sbrk.o)
 .debug_loc     0x0000093a       0x22 C:/nxp/MCUXpressoIDE_25.6.136/ide/plugins/com.nxp.mcuxpresso.tools.win32_25.6.0.202501151204/tools/bin/../lib/gcc/arm-none-eabi/14.2.1/../../../../arm-none-eabi/lib/thumb/v6-m/nofp\libcr_c.a(_cr_check_heap.o)

Cross Reference Table

Symbol                                            File
ADC_IRQHandler                                    ./src/cr_startup_lpc11uxx.o
BOD_IRQHandler                                    ./src/cr_startup_lpc11uxx.o
CRP_WORD                                          ./src/crp.o
FLEX_INT0_IRQHandler                              ./src/cr_startup_lpc11uxx.o
FLEX_INT1_IRQHandler                              ./src/cr_startup_lpc11uxx.o
FLEX_INT2_IRQHandler                              ./src/cr_startup_lpc11uxx.o
FLEX_INT3_IRQHandler                              ./src/cr_startup_lpc11uxx.o
FLEX_INT4_IRQHandler                              ./src/cr_startup_lpc11uxx.o
FLEX_INT5_IRQHandler                              ./src/cr_startup_lpc11uxx.o
FLEX_INT6_IRQHandler                              ./src/cr_startup_lpc11uxx.o
FLEX_INT7_IRQHandler                              ./src/cr_startup_lpc11uxx.o
FMC_IRQHandler                                    ./src/cr_startup_lpc11uxx.o
GINT0_IRQHandler                                  ./src/cr_startup_lpc11uxx.o
GINT1_IRQHandler                                  ./src/cr_startup_lpc11uxx.o
HardFault_Handler                                 ./src/cr_startup_lpc11uxx.o
I2C_IRQHandler                                    ./src/cr_startup_lpc11uxx.o
IntDefaultHandler                                 ./src/cr_startup_lpc11uxx.o
NMI_Handler                                       ./src/cr_startup_lpc11uxx.o
PendSV_Handler                                    ./src/cr_startup_lpc11uxx.o
ResetISR                                          ./src/cr_startup_lpc11uxx.o
SSP0_IRQHandler                                   ./src/cr_startup_lpc11uxx.o
SSP1_IRQHandler                                   ./src/cr_startup_lpc11uxx.o
SVC_Handler                                       ./src/cr_startup_lpc11uxx.o
SysTick_Handler                                   ./src/cr_startup_lpc11uxx.o
SystemCoreClock                                   ./src/libraries/system_LPC11Uxx.o
SystemCoreClockUpdate                             ./src/libraries/system_LPC11Uxx.o
SystemInit                                        ./src/libraries/system_LPC11Uxx.o
TIMER16_0_IRQHandler                              ./src/cr_startup_lpc11uxx.o
TIMER16_1_IRQHandler                              ./src/cr_startup_lpc11uxx.o
TIMER32_0_IRQHandler                              ./src/cr_startup_lpc11uxx.o
TIMER32_1_IRQHandler                              ./src/cr_startup_lpc11uxx.o
UART_IRQHandler                                   ./src/cr_startup_lpc11uxx.o
USBWakeup_IRQHandler                              ./src/cr_startup_lpc11uxx.o
USB_FIQHandler                                    ./src/cr_startup_lpc11uxx.o
USB_IRQHandler                                    ./src/cr_startup_lpc11uxx.o
WDT_IRQHandler                                    ./src/cr_startup_lpc11uxx.o
_Csys_alloc                                       C:/nxp/MCUXpressoIDE_25.6.136/ide/plugins/com.nxp.mcuxpresso.tools.win32_25.6.0.202501151204/tools/bin/../lib/gcc/arm-none-eabi/14.2.1/../../../../arm-none-eabi/lib/thumb/v6-m/nofp\libcr_c.a(alloc.o)
__aeabi_idiv                                      C:/nxp/MCUXpressoIDE_25.6.136/ide/plugins/com.nxp.mcuxpresso.tools.win32_25.6.0.202501151204/tools/bin/../lib/gcc/arm-none-eabi/14.2.1/thumb/v6-m/nofp\libcr_eabihelpers.a(division_32.o)
__aeabi_idiv0                                     C:/nxp/MCUXpressoIDE_25.6.136/ide/plugins/com.nxp.mcuxpresso.tools.win32_25.6.0.202501151204/tools/bin/../lib/gcc/arm-none-eabi/14.2.1/thumb/v6-m/nofp\libcr_eabihelpers.a(division_idiv0.o)
                                                  C:/nxp/MCUXpressoIDE_25.6.136/ide/plugins/com.nxp.mcuxpresso.tools.win32_25.6.0.202501151204/tools/bin/../lib/gcc/arm-none-eabi/14.2.1/thumb/v6-m/nofp\libcr_eabihelpers.a(division_32.o)
__aeabi_idivmod                                   C:/nxp/MCUXpressoIDE_25.6.136/ide/plugins/com.nxp.mcuxpresso.tools.win32_25.6.0.202501151204/tools/bin/../lib/gcc/arm-none-eabi/14.2.1/thumb/v6-m/nofp\libcr_eabihelpers.a(division_32.o)
__aeabi_lowlevel_memset                           C:/nxp/MCUXpressoIDE_25.6.136/ide/plugins/com.nxp.mcuxpresso.tools.win32_25.6.0.202501151204/tools/bin/../lib/gcc/arm-none-eabi/14.2.1/thumb/v6-m/nofp\libcr_eabihelpers.a(memcpy.o)
                                                  C:/nxp/MCUXpressoIDE_25.6.136/ide/plugins/com.nxp.mcuxpresso.tools.win32_25.6.0.202501151204/tools/bin/../lib/gcc/arm-none-eabi/14.2.1/../../../../arm-none-eabi/lib/thumb/v6-m/nofp\libcr_c.a(memset.o)
__aeabi_memclr                                    C:/nxp/MCUXpressoIDE_25.6.136/ide/plugins/com.nxp.mcuxpresso.tools.win32_25.6.0.202501151204/tools/bin/../lib/gcc/arm-none-eabi/14.2.1/thumb/v6-m/nofp\libcr_eabihelpers.a(memcpy.o)
__aeabi_memclr4                                   C:/nxp/MCUXpressoIDE_25.6.136/ide/plugins/com.nxp.mcuxpresso.tools.win32_25.6.0.202501151204/tools/bin/../lib/gcc/arm-none-eabi/14.2.1/thumb/v6-m/nofp\libcr_eabihelpers.a(memcpy.o)
__aeabi_memclr8                                   C:/nxp/MCUXpressoIDE_25.6.136/ide/plugins/com.nxp.mcuxpresso.tools.win32_25.6.0.202501151204/tools/bin/../lib/gcc/arm-none-eabi/14.2.1/thumb/v6-m/nofp\libcr_eabihelpers.a(memcpy.o)
__aeabi_memcpy                                    C:/nxp/MCUXpressoIDE_25.6.136/ide/plugins/com.nxp.mcuxpresso.tools.win32_25.6.0.202501151204/tools/bin/../lib/gcc/arm-none-eabi/14.2.1/thumb/v6-m/nofp\libcr_eabihelpers.a(memcpy.o)
                                                  C:/nxp/MCUXpressoIDE_25.6.136/ide/plugins/com.nxp.mcuxpresso.tools.win32_25.6.0.202501151204/tools/bin/../lib/gcc/arm-none-eabi/14.2.1/../../../../arm-none-eabi/lib/thumb/v6-m/nofp\libcr_c.a(memcpy.o)
__aeabi_memcpy4                                   C:/nxp/MCUXpressoIDE_25.6.136/ide/plugins/com.nxp.mcuxpresso.tools.win32_25.6.0.202501151204/tools/bin/../lib/gcc/arm-none-eabi/14.2.1/thumb/v6-m/nofp\libcr_eabihelpers.a(memcpy.o)
__aeabi_memcpy8                                   C:/nxp/MCUXpressoIDE_25.6.136/ide/plugins/com.nxp.mcuxpresso.tools.win32_25.6.0.202501151204/tools/bin/../lib/gcc/arm-none-eabi/14.2.1/thumb/v6-m/nofp\libcr_eabihelpers.a(memcpy.o)
__aeabi_memmove                                   C:/nxp/MCUXpressoIDE_25.6.136/ide/plugins/com.nxp.mcuxpresso.tools.win32_25.6.0.202501151204/tools/bin/../lib/gcc/arm-none-eabi/14.2.1/thumb/v6-m/nofp\libcr_eabihelpers.a(memcpy.o)
__aeabi_memmove4                                  C:/nxp/MCUXpressoIDE_25.6.136/ide/plugins/com.nxp.mcuxpresso.tools.win32_25.6.0.202501151204/tools/bin/../lib/gcc/arm-none-eabi/14.2.1/thumb/v6-m/nofp\libcr_eabihelpers.a(memcpy.o)
__aeabi_memmove8                                  C:/nxp/MCUXpressoIDE_25.6.136/ide/plugins/com.nxp.mcuxpresso.tools.win32_25.6.0.202501151204/tools/bin/../lib/gcc/arm-none-eabi/14.2.1/thumb/v6-m/nofp\libcr_eabihelpers.a(memcpy.o)
__aeabi_memset                                    C:/nxp/MCUXpressoIDE_25.6.136/ide/plugins/com.nxp.mcuxpresso.tools.win32_25.6.0.202501151204/tools/bin/../lib/gcc/arm-none-eabi/14.2.1/thumb/v6-m/nofp\libcr_eabihelpers.a(memcpy.o)
__aeabi_memset4                                   C:/nxp/MCUXpressoIDE_25.6.136/ide/plugins/com.nxp.mcuxpresso.tools.win32_25.6.0.202501151204/tools/bin/../lib/gcc/arm-none-eabi/14.2.1/thumb/v6-m/nofp\libcr_eabihelpers.a(memcpy.o)
__aeabi_memset8                                   C:/nxp/MCUXpressoIDE_25.6.136/ide/plugins/com.nxp.mcuxpresso.tools.win32_25.6.0.202501151204/tools/bin/../lib/gcc/arm-none-eabi/14.2.1/thumb/v6-m/nofp\libcr_eabihelpers.a(memcpy.o)
__aeabi_uidiv                                     C:/nxp/MCUXpressoIDE_25.6.136/ide/plugins/com.nxp.mcuxpresso.tools.win32_25.6.0.202501151204/tools/bin/../lib/gcc/arm-none-eabi/14.2.1/thumb/v6-m/nofp\libcr_eabihelpers.a(division_32.o)
                                                  ./src/libraries/system_LPC11Uxx.o
__aeabi_uidivmod                                  C:/nxp/MCUXpressoIDE_25.6.136/ide/plugins/com.nxp.mcuxpresso.tools.win32_25.6.0.202501151204/tools/bin/../lib/gcc/arm-none-eabi/14.2.1/thumb/v6-m/nofp\libcr_eabihelpers.a(division_32.o)
__bss_section_table_end                           ./src/cr_startup_lpc11uxx.o
__check_heap_overflow                             C:/nxp/MCUXpressoIDE_25.6.136/ide/plugins/com.nxp.mcuxpresso.tools.win32_25.6.0.202501151204/tools/bin/../lib/gcc/arm-none-eabi/14.2.1/../../../../arm-none-eabi/lib/thumb/v6-m/nofp\libcr_c.a(_cr_check_heap.o)
                                                  C:/nxp/MCUXpressoIDE_25.6.136/ide/plugins/com.nxp.mcuxpresso.tools.win32_25.6.0.202501151204/tools/bin/../lib/gcc/arm-none-eabi/14.2.1/../../../../arm-none-eabi/lib/thumb/v6-m/nofp\libcr_c.a(_cr_sbrk.o)
__data_section_table                              ./src/cr_startup_lpc11uxx.o
__data_section_table_end                          ./src/cr_startup_lpc11uxx.o
__end_of_heap                                     C:/nxp/MCUXpressoIDE_25.6.136/ide/plugins/com.nxp.mcuxpresso.tools.win32_25.6.0.202501151204/tools/bin/../lib/gcc/arm-none-eabi/14.2.1/../../../../arm-none-eabi/lib/thumb/v6-m/nofp\libcr_c.a(__init_alloc.o)
                                                  C:/nxp/MCUXpressoIDE_25.6.136/ide/plugins/com.nxp.mcuxpresso.tools.win32_25.6.0.202501151204/tools/bin/../lib/gcc/arm-none-eabi/14.2.1/../../../../arm-none-eabi/lib/thumb/v6-m/nofp\libcr_c.a(_cr_sbrk.o)
__heaps                                           C:/nxp/MCUXpressoIDE_25.6.136/ide/plugins/com.nxp.mcuxpresso.tools.win32_25.6.0.202501151204/tools/bin/../lib/gcc/arm-none-eabi/14.2.1/../../../../arm-none-eabi/lib/thumb/v6-m/nofp\libcr_c.a(__init_alloc.o)
                                                  C:/nxp/MCUXpressoIDE_25.6.136/ide/plugins/com.nxp.mcuxpresso.tools.win32_25.6.0.202501151204/tools/bin/../lib/gcc/arm-none-eabi/14.2.1/../../../../arm-none-eabi/lib/thumb/v6-m/nofp\libcr_c.a(alloc.o)
__main                                            C:/nxp/MCUXpressoIDE_25.6.136/ide/plugins/com.nxp.mcuxpresso.tools.win32_25.6.0.202501151204/tools/bin/../lib/gcc/arm-none-eabi/14.2.1/../../../../arm-none-eabi/lib/thumb/v6-m/nofp\libcr_c.a(__weak__main.o)
                                                  ./src/cr_startup_lpc11uxx.o
__sys_appexit                                     C:/nxp/MCUXpressoIDE_25.6.136/ide/plugins/com.nxp.mcuxpresso.tools.win32_25.6.0.202501151204/tools/bin/../lib/gcc/arm-none-eabi/14.2.1/../../../../arm-none-eabi/lib/thumb/v6-m/nofp\libcr_c.a(alloc.o)
__sys_write                                       C:/nxp/MCUXpressoIDE_25.6.136/ide/plugins/com.nxp.mcuxpresso.tools.win32_25.6.0.202501151204/tools/bin/../lib/gcc/arm-none-eabi/14.2.1/../../../../arm-none-eabi/lib/thumb/v6-m/nofp\libcr_c.a(alloc.o)
__valid_user_code_checksum                        ./src/cr_startup_lpc11uxx.o
__weak_main                                       C:/nxp/MCUXpressoIDE_25.6.136/ide/plugins/com.nxp.mcuxpresso.tools.win32_25.6.0.202501151204/tools/bin/../lib/gcc/arm-none-eabi/14.2.1/../../../../arm-none-eabi/lib/thumb/v6-m/nofp\libcr_c.a(__weak__main.o)
_init_alloc                                       C:/nxp/MCUXpressoIDE_25.6.136/ide/plugins/com.nxp.mcuxpresso.tools.win32_25.6.0.202501151204/tools/bin/../lib/gcc/arm-none-eabi/14.2.1/../../../../arm-none-eabi/lib/thumb/v6-m/nofp\libcr_c.a(__init_alloc.o)
_pvHeapLimit                                      C:/nxp/MCUXpressoIDE_25.6.136/ide/plugins/com.nxp.mcuxpresso.tools.win32_25.6.0.202501151204/tools/bin/../lib/gcc/arm-none-eabi/14.2.1/../../../../arm-none-eabi/lib/thumb/v6-m/nofp\libcr_c.a(_cr_check_heap.o)
_pvHeapStart                                      C:/nxp/MCUXpressoIDE_25.6.136/ide/plugins/com.nxp.mcuxpresso.tools.win32_25.6.0.202501151204/tools/bin/../lib/gcc/arm-none-eabi/14.2.1/../../../../arm-none-eabi/lib/thumb/v6-m/nofp\libcr_c.a(_cr_sbrk.o)
_sbrk                                             C:/nxp/MCUXpressoIDE_25.6.136/ide/plugins/com.nxp.mcuxpresso.tools.win32_25.6.0.202501151204/tools/bin/../lib/gcc/arm-none-eabi/14.2.1/../../../../arm-none-eabi/lib/thumb/v6-m/nofp\libcr_c.a(_cr_sbrk.o)
                                                  C:/nxp/MCUXpressoIDE_25.6.136/ide/plugins/com.nxp.mcuxpresso.tools.win32_25.6.0.202501151204/tools/bin/../lib/gcc/arm-none-eabi/14.2.1/../../../../arm-none-eabi/lib/thumb/v6-m/nofp\libcr_c.a(alloc.o)
_vStackTop                                        ./src/cr_startup_lpc11uxx.o
addNewStateNode                                   ./src/variables.o
bss_init                                          ./src/cr_startup_lpc11uxx.o
calloc                                            C:/nxp/MCUXpressoIDE_25.6.136/ide/plugins/com.nxp.mcuxpresso.tools.win32_25.6.0.202501151204/tools/bin/../lib/gcc/arm-none-eabi/14.2.1/../../../../arm-none-eabi/lib/thumb/v6-m/nofp\libcr_c.a(alloc.o)
clockEnablePin                                    ./src/libraries/lcd.o
current_State_Node                                ./src/variables.o
data_init                                         ./src/cr_startup_lpc11uxx.o
debouncedKeys                                     ./src/libraries/keys.o
delay                                             ./src/libraries/timer.o
                                                  ./src/libraries/lcd.o
delay_us                                          ./src/libraries/timer.o
                                                  ./src/libraries/lcd.o
digitalRead                                       ./src/libraries/io.o
                                                  ./src/main.o
                                                  ./src/libraries/keys.o
                                                  ./src/libraries/endoder.o
digitalWrite                                      ./src/libraries/io.o
                                                  ./src/libraries/lcd.o
encoderInit                                       ./src/libraries/endoder.o
encoderRotation                                   ./src/libraries/endoder.o
errno                                             C:/nxp/MCUXpressoIDE_25.6.136/ide/plugins/com.nxp.mcuxpresso.tools.win32_25.6.0.202501151204/tools/bin/../lib/gcc/arm-none-eabi/14.2.1/../../../../arm-none-eabi/lib/thumb/v6-m/nofp\libcr_c.a(errno.o)
                                                  C:/nxp/MCUXpressoIDE_25.6.136/ide/plugins/com.nxp.mcuxpresso.tools.win32_25.6.0.202501151204/tools/bin/../lib/gcc/arm-none-eabi/14.2.1/../../../../arm-none-eabi/lib/thumb/v6-m/nofp\libcr_c.a(_cr_sbrk.o)
eventInit                                         ./src/event.o
                                                  ./src/main.o
eventRead                                         ./src/event.o
                                                  ./src/stateMachine.o
free                                              C:/nxp/MCUXpressoIDE_25.6.136/ide/plugins/com.nxp.mcuxpresso.tools.win32_25.6.0.202501151204/tools/bin/../lib/gcc/arm-none-eabi/14.2.1/../../../../arm-none-eabi/lib/thumb/v6-m/nofp\libcr_c.a(alloc.o)
g_pfnVectors                                      ./src/cr_startup_lpc11uxx.o
getEncoderPosition                                ./src/libraries/endoder.o
getNode                                           ./src/variables.o
                                                  ./src/stateMachine.o
getState                                          ./src/variables.o
                                                  ./src/stateMachine.o
head_State_List                                   ./src/variables.o
inicializeStateList                               ./src/variables.o
keyRead                                           ./src/libraries/keys.o
                                                  ./src/main.o
                                                  ./src/event.o
keysDebounce                                      ./src/libraries/keys.o
                                                  ./src/main.o
keysInit                                          ./src/libraries/keys.o
                                                  ./src/stateMachine.o
                                                  ./src/main.o
lcdChar                                           ./src/libraries/lcd.o
lcdCommand                                        ./src/libraries/lcd.o
lcdInit                                           ./src/libraries/lcd.o
                                                  ./src/output.o
                                                  ./src/main.o
lcdSetCursor                                      ./src/libraries/lcd.o
                                                  ./src/output.o
lcdString                                         ./src/libraries/lcd.o
                                                  ./src/output.o
main                                              ./src/main.o
                                                  C:/nxp/MCUXpressoIDE_25.6.136/ide/plugins/com.nxp.mcuxpresso.tools.win32_25.6.0.202501151204/tools/bin/../lib/gcc/arm-none-eabi/14.2.1/../../../../arm-none-eabi/lib/thumb/v6-m/nofp\libcr_c.a(__weak__main.o)
malloc                                            C:/nxp/MCUXpressoIDE_25.6.136/ide/plugins/com.nxp.mcuxpresso.tools.win32_25.6.0.202501151204/tools/bin/../lib/gcc/arm-none-eabi/14.2.1/../../../../arm-none-eabi/lib/thumb/v6-m/nofp\libcr_c.a(alloc.o)
                                                  ./src/variables.o
memcpy                                            C:/nxp/MCUXpressoIDE_25.6.136/ide/plugins/com.nxp.mcuxpresso.tools.win32_25.6.0.202501151204/tools/bin/../lib/gcc/arm-none-eabi/14.2.1/../../../../arm-none-eabi/lib/thumb/v6-m/nofp\libcr_c.a(memcpy.o)
                                                  C:/nxp/MCUXpressoIDE_25.6.136/ide/plugins/com.nxp.mcuxpresso.tools.win32_25.6.0.202501151204/tools/bin/../lib/gcc/arm-none-eabi/14.2.1/../../../../arm-none-eabi/lib/thumb/v6-m/nofp\libcr_c.a(alloc.o)
memset                                            C:/nxp/MCUXpressoIDE_25.6.136/ide/plugins/com.nxp.mcuxpresso.tools.win32_25.6.0.202501151204/tools/bin/../lib/gcc/arm-none-eabi/14.2.1/../../../../arm-none-eabi/lib/thumb/v6-m/nofp\libcr_c.a(memset.o)
                                                  C:/nxp/MCUXpressoIDE_25.6.136/ide/plugins/com.nxp.mcuxpresso.tools.win32_25.6.0.202501151204/tools/bin/../lib/gcc/arm-none-eabi/14.2.1/../../../../arm-none-eabi/lib/thumb/v6-m/nofp\libcr_c.a(alloc.o)
numKeys                                           ./src/libraries/keys.o
outputInit                                        ./src/output.o
outputPrint                                       ./src/output.o
                                                  ./src/stateMachine.o
pinMode                                           ./src/libraries/io.o
                                                  ./src/main.o
                                                  ./src/libraries/lcd.o
                                                  ./src/libraries/keys.o
                                                  ./src/libraries/endoder.o
readChar                                          ./src/libraries/serial.o
realloc                                           C:/nxp/MCUXpressoIDE_25.6.136/ide/plugins/com.nxp.mcuxpresso.tools.win32_25.6.0.202501151204/tools/bin/../lib/gcc/arm-none-eabi/14.2.1/../../../../arm-none-eabi/lib/thumb/v6-m/nofp\libcr_c.a(alloc.o)
sendChar                                          ./src/libraries/serial.o
sendNibble                                        ./src/libraries/lcd.o
sendString                                        ./src/libraries/serial.o
serialInit                                        ./src/libraries/serial.o
                                                  ./src/main.o
setState                                          ./src/variables.o
                                                  ./src/stateMachine.o
smInit                                            ./src/stateMachine.o
smLoop                                            ./src/stateMachine.o
                                                  ./src/main.o
systemIOInit                                      ./src/libraries/io.o
                                                  ./src/main.o
                                                  ./src/libraries/lcd.o
                                                  ./src/libraries/keys.o
                                                  ./src/libraries/endoder.o
t                                                 ./src/libraries/keys.o
tail_State_List                                   ./src/variables.o
timerInit                                         ./src/libraries/timer.o
                                                  ./src/main.o
timerStart                                        ./src/libraries/timer.o
timerWait                                         ./src/libraries/timer.o
varInit                                           ./src/variables.o
                                                  ./src/main.o
